// Jest Snapshot v1, https://goo.gl/fbAQLP

exports[`Featured product view Renders correctly for a successful call with aroma chocolate 1`] = `
<div>
  <div
    class="p-4 border border-coreUI-border bg-white"
  >
    <div
      class="text-center text-base leading-6"
    >
      Ein Fehler ist aufgetreten
    </div>
    <div
      class="mt-4 flex justify-center"
    >
      <button
        class="relative inline-flex flex-row items-center rounded-full border-2 px-4 py-2 text-base font-bold disabled:bg-brand-grey-whisper disabled:text-coreUI-text-secondary disabled:cursor-not-allowed text-brand-black bg-primary border-transparent hover:bg-brand-green-starship active:bg-primary"
        data-testid="button-prompt"
        role="button"
      >
        Erneut versuchen
      </button>
    </div>
  </div>
</div>
`;

exports[`Featured product view Renders correctly for a successful call with aroma experimental 1`] = `
<div>
  <div
    class="p-4 border border-coreUI-border bg-white"
  >
    <div
      class="text-center text-base leading-6"
    >
      Ein Fehler ist aufgetreten
    </div>
    <div
      class="mt-4 flex justify-center"
    >
      <button
        class="relative inline-flex flex-row items-center rounded-full border-2 px-4 py-2 text-base font-bold disabled:bg-brand-grey-whisper disabled:text-coreUI-text-secondary disabled:cursor-not-allowed text-brand-black bg-primary border-transparent hover:bg-brand-green-starship active:bg-primary"
        data-testid="button-prompt"
        role="button"
      >
        Erneut versuchen
      </button>
    </div>
  </div>
</div>
`;

exports[`Featured product view Renders correctly for a successful call with aroma floral 1`] = `
<div>
  <div
    class="p-4 border border-coreUI-border bg-white"
  >
    <div
      class="text-center text-base leading-6"
    >
      Ein Fehler ist aufgetreten
    </div>
    <div
      class="mt-4 flex justify-center"
    >
      <button
        class="relative inline-flex flex-row items-center rounded-full border-2 px-4 py-2 text-base font-bold disabled:bg-brand-grey-whisper disabled:text-coreUI-text-secondary disabled:cursor-not-allowed text-brand-black bg-primary border-transparent hover:bg-brand-green-starship active:bg-primary"
        data-testid="button-prompt"
        role="button"
      >
        Erneut versuchen
      </button>
    </div>
  </div>
</div>
`;

exports[`Featured product view Renders correctly for a successful call with aroma fruits 1`] = `
<div>
  <div
    class="p-4 border border-coreUI-border bg-white"
  >
    <div
      class="text-center text-base leading-6"
    >
      Ein Fehler ist aufgetreten
    </div>
    <div
      class="mt-4 flex justify-center"
    >
      <button
        class="relative inline-flex flex-row items-center rounded-full border-2 px-4 py-2 text-base font-bold disabled:bg-brand-grey-whisper disabled:text-coreUI-text-secondary disabled:cursor-not-allowed text-brand-black bg-primary border-transparent hover:bg-brand-green-starship active:bg-primary"
        data-testid="button-prompt"
        role="button"
      >
        Erneut versuchen
      </button>
    </div>
  </div>
</div>
`;

exports[`Featured product view Renders correctly for a successful call with aroma spicy 1`] = `
<div>
  <div
    class="p-4 border border-coreUI-border bg-white"
  >
    <div
      class="text-center text-base leading-6"
    >
      Ein Fehler ist aufgetreten
    </div>
    <div
      class="mt-4 flex justify-center"
    >
      <button
        class="relative inline-flex flex-row items-center rounded-full border-2 px-4 py-2 text-base font-bold disabled:bg-brand-grey-whisper disabled:text-coreUI-text-secondary disabled:cursor-not-allowed text-brand-black bg-primary border-transparent hover:bg-brand-green-starship active:bg-primary"
        data-testid="button-prompt"
        role="button"
      >
        Erneut versuchen
      </button>
    </div>
  </div>
</div>
`;

exports[`Featured product view Renders correctly for a successful call without aroma 1`] = `
<div>
  <div
    class="p-4 border border-coreUI-border bg-white"
  >
    <div
      class="text-center text-base leading-6"
    >
      Ein Fehler ist aufgetreten
    </div>
    <div
      class="mt-4 flex justify-center"
    >
      <button
        class="relative inline-flex flex-row items-center rounded-full border-2 px-4 py-2 text-base font-bold disabled:bg-brand-grey-whisper disabled:text-coreUI-text-secondary disabled:cursor-not-allowed text-brand-black bg-primary border-transparent hover:bg-brand-green-starship active:bg-primary"
        data-testid="button-prompt"
        role="button"
      >
        Erneut versuchen
      </button>
    </div>
  </div>
</div>
`;

exports[`Featured product view Renders correctly when user name is missing 1`] = `
<div>
  <div
    class="p-4 border border-coreUI-border bg-white"
  >
    <div
      class="text-center text-base leading-6"
    >
      Ein Fehler ist aufgetreten
    </div>
    <div
      class="mt-4 flex justify-center"
    >
      <button
        class="relative inline-flex flex-row items-center rounded-full border-2 px-4 py-2 text-base font-bold disabled:bg-brand-grey-whisper disabled:text-coreUI-text-secondary disabled:cursor-not-allowed text-brand-black bg-primary border-transparent hover:bg-brand-green-starship active:bg-primary"
        data-testid="button-prompt"
        role="button"
      >
        Erneut versuchen
      </button>
    </div>
  </div>
</div>
`;

exports[`Featured product view fails gracefully if no id exists 1`] = `
<div>
  <div
    class="p-4 border border-coreUI-border bg-white"
  >
    <div
      class="text-center text-base leading-6"
    >
      Ein Fehler ist aufgetreten
    </div>
    <div
      class="mt-4 flex justify-center"
    >
      <button
        class="relative inline-flex flex-row items-center rounded-full border-2 px-4 py-2 text-base font-bold disabled:bg-brand-grey-whisper disabled:text-coreUI-text-secondary disabled:cursor-not-allowed text-brand-black bg-primary border-transparent hover:bg-brand-green-starship active:bg-primary"
        data-testid="button-prompt"
        role="button"
      >
        Erneut versuchen
      </button>
    </div>
  </div>
</div>
`;

exports[`Featured product view renders as expected if no taste finder data exists 1`] = `
<div>
  <div
    class="p-4 border border-coreUI-border bg-white"
  >
    <div
      class="text-center text-base leading-6"
    >
      Ein Fehler ist aufgetreten
    </div>
    <div
      class="mt-4 flex justify-center"
    >
      <button
        class="relative inline-flex flex-row items-center rounded-full border-2 px-4 py-2 text-base font-bold disabled:bg-brand-grey-whisper disabled:text-coreUI-text-secondary disabled:cursor-not-allowed text-brand-black bg-primary border-transparent hover:bg-brand-green-starship active:bg-primary"
        data-testid="button-prompt"
        role="button"
      >
        Erneut versuchen
      </button>
    </div>
  </div>
</div>
`;
