// Jest Snapshot v1, https://goo.gl/fbAQLP

exports[`Tag component Renders correctly 1`] = `
<div>
  <div
    class="inline-flex rounded-full px-3 py-1 bg-brand-grey-bombay"
  >
    <span
      class="text-xs leading-4"
    >
      sweet
    </span>
  </div>
</div>
`;

exports[`Tag component Renders correctly for aroma tag with a different value 1`] = `
<div>
  <div
    class="inline-flex rounded-full px-3 py-1 bg-brand-grey-bombay"
  >
    <span
      class="text-xs leading-4"
    >
      something else
    </span>
  </div>
</div>
`;

exports[`Tag component Renders correctly for aroma tag with value experimentell & komplex 1`] = `
<div>
  <div
    class="inline-flex rounded-full px-3 py-1 bg-tags-capeHoney"
  >
    <span
      class="text-xs leading-4"
    >
      experimentell & komplex
    </span>
  </div>
</div>
`;

exports[`Tag component Renders correctly for aroma tag with value floral & leicht 1`] = `
<div>
  <div
    class="inline-flex rounded-full px-3 py-1 bg-tags-melrose"
  >
    <span
      class="text-xs leading-4"
    >
      floral & leicht
    </span>
  </div>
</div>
`;

exports[`Tag component Renders correctly for aroma tag with value fruchtig & lebhaft 1`] = `
<div>
  <div
    class="inline-flex rounded-full px-3 py-1 bg-tags-cottonCandy"
  >
    <span
      class="text-xs leading-4"
    >
      fruchtig & lebhaft
    </span>
  </div>
</div>
`;

exports[`Tag component Renders correctly for aroma tag with value nussig & schokoladig 1`] = `
<div>
  <div
    class="inline-flex rounded-full px-3 py-1 bg-tags-coldTurkey"
  >
    <span
      class="text-xs leading-4"
    >
      nussig & schokoladig
    </span>
  </div>
</div>
`;

exports[`Tag component Renders correctly for aroma tag with value w체rzig & kr채ftig 1`] = `
<div>
  <div
    class="inline-flex rounded-full px-3 py-1 bg-tags-yourPink"
  >
    <span
      class="text-xs leading-4"
    >
      w체rzig & kr채ftig
    </span>
  </div>
</div>
`;

exports[`Tag component Renders correctly for type taste finder 1`] = `
<div>
  <div
    class="inline-flex rounded-full px-3 py-1 bg-brand-blue text-tags-jacksonsBlue"
  >
    <span
      class="text-xs leading-4"
    >
      100% matching
    </span>
  </div>
</div>
`;

exports[`TagSwatch component Renders correctly 1`] = `
<div>
  <span
    class="inline-flex rounded-full px-3 py-1 bg-brand-grey-bombay w-6 h-6 px-0 py-0 rounded-3xl mr-3 flex-shrink-0"
  />
</div>
`;
