// Jest Snapshot v1, https://goo.gl/fbAQLP

exports[`Cart provider component Renders correctly 1`] = `
<div>
  <span />
</div>
`;
