// Jest Snapshot v1, https://goo.gl/fbAQLP

exports[`QuantitySelect component Renders correctly 1`] = `
<div>
  <div
    class="inline-flex justify-between px-4 py-2 text-left bg-white rounded-full border border-coreUI-text-tertiary cursor-default"
    data-testid="quantity-select"
  >
    <button
      data-testid="quantity-minus"
      type="button"
    >
      <svg
        aria-hidden="true"
        class="w-5 h-5"
        fill="currentColor"
        viewBox="0 0 20 20"
        xmlns="http://www.w3.org/2000/svg"
      >
        <path
          clip-rule="evenodd"
          d="M3 10a1 1 0 011-1h12a1 1 0 110 2H4a1 1 0 01-1-1z"
          fill-rule="evenodd"
        />
      </svg>
    </button>
    <div
      class="px-3.5"
      data-testid="quantity-value"
    >
      1
    </div>
    <button
      data-testid="quantity-plus"
      type="button"
    >
      <svg
        aria-hidden="true"
        class="w-5 h-5"
        fill="currentColor"
        viewBox="0 0 20 20"
        xmlns="http://www.w3.org/2000/svg"
      >
        <path
          clip-rule="evenodd"
          d="M10 3a1 1 0 011 1v5h5a1 1 0 110 2h-5v5a1 1 0 11-2 0v-5H4a1 1 0 110-2h5V4a1 1 0 011-1z"
          fill-rule="evenodd"
        />
      </svg>
    </button>
  </div>
</div>
`;
