// Jest Snapshot v1, https://goo.gl/fbAQLP

exports[`Email fields group custom auth component Renders correctly 1`] = `
<div>
  <form
    method="POST"
  >
    <label
      class="relative"
    >
      <span
        class="absolute -top-6 left-3 px-1 bg-white"
      >
        <span
          class="text-sm leading-5"
        >
          Deine E-mail-Adresse
        </span>
      </span>
      <input
        class="w-full border rounded-full px-4 py-2 focus:outline-0 focus:ring focus:ring-primary/30"
        data-testid="email"
        placeholder="Deine E-mail-Adresse"
        type="email"
        value=""
      />
    </label>
  </form>
</div>
`;
