// Jest Snapshot v1, https://goo.gl/fbAQLP

exports[`ForgotPassword custom auth component Renders correctly (nothing) for an unexpected state 1`] = `
<div>
  <div
    class="my-4 mx-6 md:mx-0"
  >
    <div
      class="flex w-full"
    >
      <span
        class="text-2xl leading-8 font-semibold"
      >
        Passwort zur端cksetzen
      </span>
    </div>
    <div
      class="flex w-full mt-2"
    >
      <span
        class="text-sm leading-5"
      >
        Kein Problem. Gib deine E-Mail-Adresse ein, mit der du ein Konto bei 60beans erstellt hast und wir schicken dir einen neuen Link zur Passworterstellung zu.
      </span>
    </div>
    <div
      class="mt-4"
    />
    <form>
      <div
        class="w-full mt-8"
      >
        <label
          class="relative"
        >
          <span
            class="absolute -top-6 left-3 px-1 bg-white"
          >
            <span
              class="text-sm leading-5"
            >
              Deine E-mail-Adresse
            </span>
          </span>
          <input
            class="w-full border rounded-full px-4 py-2 focus:outline-0 focus:ring focus:ring-primary/30"
            data-testid="username"
            placeholder="Deine E-mail-Adresse"
            type="email"
            value=""
          />
        </label>
      </div>
      <div
        class="mt-8"
      >
        <button
          class="flex w-full justify-center relative inline-flex flex-row items-center rounded-full border-2 px-4 py-2 text-md font-bold disabled:bg-brand-grey-whisper disabled:text-coreUI-text-secondary disabled:cursor-not-allowed text-brand-black bg-primary border-transparent hover:bg-brand-green-starship active:bg-primary pointer-events-none opacity-70"
          data-testid="submit"
          disabled=""
          role="button"
          type="submit"
        >
          Schicken
        </button>
      </div>
      <div
        class="flex w-fit mt-6 mb-6 border-b cursor-pointer text-xs leading-4 font-semibold"
      >
        <a
          data-testid="goToSignInLink"
        >
          Zur端ck zur Anmeldung
        </a>
      </div>
    </form>
    <div
      class="mt-12"
    >
      <div
        class="flex"
      >
        <div
          class="border-t border-brand-grey-whisper absolute w-full left-0"
        />
      </div>
      <div
        class="mt-4 mb-4 text-xl leading-7 font-semibold"
      >
        Ich bin neu hier
      </div>
      <button
        class="flex w-full justify-center relative inline-flex flex-row items-center rounded-full border-2 px-4 py-2 text-md font-bold text-brand-black bg-white border-brand-black hover:border-coreUI-text-tertiary active:border-brand-black"
        data-testid="goToSignUpLink"
        role="button"
        type="button"
      >
        Registrieren
      </button>
    </div>
    <div
      class="mt-12"
    >
      <div
        class="flex"
      >
        <div
          class="border-t border-brand-grey-whisper absolute w-full left-0"
        />
      </div>
      <div
        class="w-full mt-4 flex justify-center"
      >
        <a
          href="//www.notion.so/Datenschutzhinweise-ad5b45261a964166a74883d2770e28ea"
          target="_blank"
        >
          <div
            class="font-normal border-b text-xs leading-4"
          >
            Datenschutz-Bestimmungen
          </div>
        </a>
        <a
          class="ml-10"
          href="//slender-petunia-c3c.notion.site/Imprint-33b18fd9e469471ab768eef8155da968"
          target="_blank"
        >
          <div
            class="font-normal border-b text-xs leading-4"
          >
            Impressum
          </div>
        </a>
      </div>
    </div>
  </div>
</div>
`;

exports[`ForgotPassword custom auth component Renders correctly for an expected state 1`] = `
<div>
  <div
    class="my-4 mx-6 md:mx-0"
  >
    <div
      class="flex w-full"
    >
      <span
        class="text-2xl leading-8 font-semibold"
      >
        Passwort zur端cksetzen
      </span>
    </div>
    <div
      class="flex w-full mt-2"
    >
      <span
        class="text-sm leading-5"
      >
        Kein Problem. Gib deine E-Mail-Adresse ein, mit der du ein Konto bei 60beans erstellt hast und wir schicken dir einen neuen Link zur Passworterstellung zu.
      </span>
    </div>
    <div
      class="mt-4"
    />
    <form>
      <div
        class="w-full mt-8"
      >
        <label
          class="relative"
        >
          <span
            class="absolute -top-6 left-3 px-1 bg-white"
          >
            <span
              class="text-sm leading-5"
            >
              Deine E-mail-Adresse
            </span>
          </span>
          <input
            class="w-full border rounded-full px-4 py-2 focus:outline-0 focus:ring focus:ring-primary/30"
            data-testid="username"
            placeholder="Deine E-mail-Adresse"
            type="email"
            value=""
          />
        </label>
      </div>
      <div
        class="mt-8"
      >
        <button
          class="flex w-full justify-center relative inline-flex flex-row items-center rounded-full border-2 px-4 py-2 text-md font-bold disabled:bg-brand-grey-whisper disabled:text-coreUI-text-secondary disabled:cursor-not-allowed text-brand-black bg-primary border-transparent hover:bg-brand-green-starship active:bg-primary pointer-events-none opacity-70"
          data-testid="submit"
          disabled=""
          role="button"
          type="submit"
        >
          Schicken
        </button>
      </div>
      <div
        class="flex w-fit mt-6 mb-6 border-b cursor-pointer text-xs leading-4 font-semibold"
      >
        <a
          data-testid="goToSignInLink"
        >
          Zur端ck zur Anmeldung
        </a>
      </div>
    </form>
    <div
      class="mt-12"
    >
      <div
        class="flex"
      >
        <div
          class="border-t border-brand-grey-whisper absolute w-full left-0"
        />
      </div>
      <div
        class="mt-4 mb-4 text-xl leading-7 font-semibold"
      >
        Ich bin neu hier
      </div>
      <button
        class="flex w-full justify-center relative inline-flex flex-row items-center rounded-full border-2 px-4 py-2 text-md font-bold text-brand-black bg-white border-brand-black hover:border-coreUI-text-tertiary active:border-brand-black"
        data-testid="goToSignUpLink"
        role="button"
        type="button"
      >
        Registrieren
      </button>
    </div>
    <div
      class="mt-12"
    >
      <div
        class="flex"
      >
        <div
          class="border-t border-brand-grey-whisper absolute w-full left-0"
        />
      </div>
      <div
        class="w-full mt-4 flex justify-center"
      >
        <a
          href="//www.notion.so/Datenschutzhinweise-ad5b45261a964166a74883d2770e28ea"
          target="_blank"
        >
          <div
            class="font-normal border-b text-xs leading-4"
          >
            Datenschutz-Bestimmungen
          </div>
        </a>
        <a
          class="ml-10"
          href="//slender-petunia-c3c.notion.site/Imprint-33b18fd9e469471ab768eef8155da968"
          target="_blank"
        >
          <div
            class="font-normal border-b text-xs leading-4"
          >
            Impressum
          </div>
        </a>
      </div>
    </div>
  </div>
</div>
`;
