// Jest Snapshot v1, https://goo.gl/fbAQLP

exports[`Bitterness partial view Renders correctly 1`] = `
<div>
  <div
    class="flex-grow flex flex-col items-center bg-white md:justify-center"
  >
    <div
      class="p-6 md:w-5/6"
    >
      <h1
        class="flex md:text-2xl md:leading-8 xl:text-3xl xl:leading-10 text-xl leading-7 font-semibold"
      >
        Jeder weiß: der Tag beginnt nach der ersten Tasse Kaffee. Auf welche Art brühst du deinen Kaffee?
      </h1>
      <div
        class="flex md:hidden"
      >
        <button
          data-testid="drawer-trigger"
        >
          <div
            class="flex mt-4"
          >
            <svg
              class="mr-2.5"
              fill="inherit"
              height="20"
              viewBox="0 0 20 20"
              width="20"
            >
              <path
                clip-rule="evenodd"
                d="M10 18.8a8.8 8.8 0 1 1 0-17.6 8.8 8.8 0 0 1 0 17.6ZM0 10C0 4.477 4.477 0 10 0s10 4.477 10 10-4.477 10-10 10S0 15.523 0 10Zm8.706-.725v2.607h1.83v-1.35a4.686 4.686 0 0 0 1.749-.435 3.152 3.152 0 0 0 1.253-1.07c.308-.466.462-1.03.462-1.691 0-.476-.088-.916-.264-1.32a2.89 2.89 0 0 0-.742-1.054c-.33-.31-.748-.548-1.253-.714C11.246 4.083 10.669 4 10.009 4c-.539 0-1.028.062-1.468.186-.428.114-.802.28-1.121.497-.319.207-.588.45-.808.729-.21.28-.368.574-.478.884-.1.3-.143.61-.132.931h1.847a1.61 1.61 0 0 1 .264-.853c.164-.248.4-.445.709-.59.308-.145.687-.217 1.138-.217.637 0 1.148.16 1.533.481.396.31.594.755.594 1.334 0 .6-.214 1.066-.643 1.397-.418.33-1.072.496-1.963.496h-.775Zm-.165 4.034V15h2.227v-1.691H8.54Z"
                fill="currentColor"
                fill-rule="evenodd"
                stroke="currentColor"
                stroke-width="0.1"
              />
            </svg>
            <span
              class="flex border-b-2 mb-1 text-sm leading-5"
              style="border-bottom-width: 1px;"
            >
              Warum wir dich das fragen?
            </span>
          </div>
        </button>
      </div>
      <div
        class="hidden md:flex"
      >
        <button
          data-testid="dialog-trigger"
        >
          <div
            class="flex mt-4"
          >
            <svg
              class="mr-2.5"
              fill="inherit"
              height="20"
              viewBox="0 0 20 20"
              width="20"
            >
              <path
                clip-rule="evenodd"
                d="M10 18.8a8.8 8.8 0 1 1 0-17.6 8.8 8.8 0 0 1 0 17.6ZM0 10C0 4.477 4.477 0 10 0s10 4.477 10 10-4.477 10-10 10S0 15.523 0 10Zm8.706-.725v2.607h1.83v-1.35a4.686 4.686 0 0 0 1.749-.435 3.152 3.152 0 0 0 1.253-1.07c.308-.466.462-1.03.462-1.691 0-.476-.088-.916-.264-1.32a2.89 2.89 0 0 0-.742-1.054c-.33-.31-.748-.548-1.253-.714C11.246 4.083 10.669 4 10.009 4c-.539 0-1.028.062-1.468.186-.428.114-.802.28-1.121.497-.319.207-.588.45-.808.729-.21.28-.368.574-.478.884-.1.3-.143.61-.132.931h1.847a1.61 1.61 0 0 1 .264-.853c.164-.248.4-.445.709-.59.308-.145.687-.217 1.138-.217.637 0 1.148.16 1.533.481.396.31.594.755.594 1.334 0 .6-.214 1.066-.643 1.397-.418.33-1.072.496-1.963.496h-.775Zm-.165 4.034V15h2.227v-1.691H8.54Z"
                fill="currentColor"
                fill-rule="evenodd"
                stroke="currentColor"
                stroke-width="0.1"
              />
            </svg>
            <span
              class="flex border-b-2 mb-1 text-sm leading-5"
              style="border-bottom-width: 1px;"
            >
              Warum wir dich das fragen?
            </span>
          </div>
        </button>
      </div>
    </div>
    <div
      class="flex md:flex-none flex-col flex-grow w-full justify-center align-center overflow-x-auto pb-6 md:pb-0"
    >
      <div
        class="grid gap-x-4 w-full m-auto md:w-4/6 md:grid-rows-4 md:grid-cols-2 md:grid-flow-col"
      >
        <div
          class="scroll-auto border-b border-brand-grey-whisper"
        >
          <button
            class="flex w-full flex-row pl-6 py-4 items-center cursor-pointer"
            data-testid="icon-checkbox"
          >
            <div>
              <svg
                class="undefined"
                fill="inherit"
                height="24"
                viewBox="0 0 16 16"
                width="24"
              >
                <path
                  clip-rule="evenodd"
                  d="M8,16c-4.4,0-8-3.6-8-8s3.6-8,8-8s8,3.6,8,8S12.4,16,8,16z M8,1C4.1,1,1,4.1,1,8s3.1,7,7,7s7-3.1,7-7S11.9,1,8,1z"
                  fill="#D8D8D8"
                  fill-rule="evenodd"
                  stroke="#D8D8D8"
                  stroke-width="0.1"
                />
              </svg>
            </div>
            <div
              class="flex w-16 h-16 ml-4 mr-4 rounded-full bg-brand-grey-whisper items-center justify-center shrink-0"
            >
              <svg
                class="undefined"
                fill="inherit"
                height="32"
                viewBox="-1 0 23 35"
                width="32"
              >
                <path
                  clip-rule="evenodd"
                  d="M16.73 14.35h-6.573v-1.196h5.975a.598.598 0 0 0 .598-.597c0-3.442-2.898-6.269-6.573-6.544V4.705a2.39 2.39 0 1 0-1.195 0v1.308c-3.675.275-6.574 3.102-6.574 6.573a.598.598 0 0 0 .598.598h5.976v1.195H.596a.598.598 0 0 0-.532.867l1.727 3.376c.387.756.592 1.594.597 2.444v11.808a1.793 1.793 0 0 0 1.793 1.793h10.756a1.793 1.793 0 0 0 1.793-1.793v-6.573a5.975 5.975 0 1 0 0-11.951ZM8.364 2.397a1.195 1.195 0 1 1 2.39 0 1.195 1.195 0 0 1-2.39 0Zm1.195 4.78c3.072 0 5.605 2.098 5.94 4.781H3.62c.335-2.683 2.869-4.78 5.94-4.78Zm5.976 25.696a.598.598 0 0 1-.598.597H4.181a.598.598 0 0 1-.597-.597V21.066a6.652 6.652 0 0 0-.718-2.988L1.57 15.544h7.392v13.147H5.376a.598.598 0 0 0 0 1.195h8.366a.598.598 0 0 0 0-1.195h-3.585V15.544h5.378v17.33Zm1.195-7.769v-9.56a4.78 4.78 0 0 1 0 9.56Z"
                  fill="currentColor"
                  fill-rule="evenodd"
                  stroke="currentColor"
                  stroke-width="0.25"
                />
              </svg>
            </div>
            <div
              class="flex grow text-left pr-3 text-base leading-6 font-semibold"
            >
              French Press
            </div>
          </button>
        </div>
        <div
          class="scroll-auto border-b border-brand-grey-whisper"
        >
          <button
            class="flex w-full flex-row pl-6 py-4 items-center cursor-pointer"
            data-testid="icon-checkbox"
          >
            <div>
              <svg
                class="undefined"
                fill="inherit"
                height="24"
                viewBox="0 0 16 16"
                width="24"
              >
                <path
                  clip-rule="evenodd"
                  d="M8,16c-4.4,0-8-3.6-8-8s3.6-8,8-8s8,3.6,8,8S12.4,16,8,16z M8,1C4.1,1,1,4.1,1,8s3.1,7,7,7s7-3.1,7-7S11.9,1,8,1z"
                  fill="#D8D8D8"
                  fill-rule="evenodd"
                  stroke="#D8D8D8"
                  stroke-width="0.1"
                />
              </svg>
            </div>
            <div
              class="flex w-16 h-16 ml-4 mr-4 rounded-full bg-brand-grey-whisper items-center justify-center shrink-0"
            >
              <svg
                class="undefined"
                fill="inherit"
                height="32"
                viewBox="-1 0 16 32"
                width="32"
              >
                <path
                  clip-rule="evenodd"
                  d="M3.471 32h8.534a1.067 1.067 0 0 0 1.066-1.067v-1.6h1.067a1.6 1.6 0 0 0 1.6-1.6v-4.266a1.6 1.6 0 0 0-1.6-1.6h-1.066V20.8h1.6a.533.533 0 0 0 .533-.533v-2.134a.533.533 0 0 0-.534-.533h-1.066V5.333a.533.533 0 0 0-.534-.533h-1.6V1.067h2.134V0H1.87v1.067h2.134V4.8h-1.6a.533.533 0 0 0-.534.533V17.6H.805a.533.533 0 0 0-.534.533v2.134a.533.533 0 0 0 .534.533h1.6v10.133A1.067 1.067 0 0 0 3.47 32Zm0-1.067v-4.8h8.534v4.8H3.47Zm10.667-8a.533.533 0 0 1 .534.534v4.266a.533.533 0 0 1-.534.534h-1.066v-5.334h1.066Zm-2.133 2.134H3.47V20.8h8.534v4.267Zm-6.934-24h5.334V4.8H5.07V1.067Zm0 4.8h5.334v9.6H5.07v-9.6Zm-3.733 12.8h1.067a.533.533 0 0 0 .533-.534V5.867h1.067V16a.533.533 0 0 0 .533.533h6.4a.533.533 0 0 0 .534-.533V5.867h1.066v12.266a.533.533 0 0 0 .534.534h1.066v1.066h-12.8v-1.066Z M7.205 6.933h1.067V8H7.205V6.933ZM7.205 9.067h1.067v1.066H7.205V9.067ZM7.205 11.2h1.067v1.067H7.205V11.2ZM7.205 13.333h1.067V14.4H7.205v-1.067Z"
                  fill="currentColor"
                  fill-rule="evenodd"
                  stroke="none"
                  stroke-width="none"
                />
              </svg>
            </div>
            <div
              class="flex grow text-left pr-3 text-base leading-6 font-semibold"
            >
              Aeropress
            </div>
          </button>
        </div>
        <div
          class="scroll-auto border-b border-brand-grey-whisper"
        >
          <button
            class="flex w-full flex-row pl-6 py-4 items-center cursor-pointer"
            data-testid="icon-checkbox"
          >
            <div>
              <svg
                class="undefined"
                fill="inherit"
                height="24"
                viewBox="0 0 16 16"
                width="24"
              >
                <path
                  clip-rule="evenodd"
                  d="M8,16c-4.4,0-8-3.6-8-8s3.6-8,8-8s8,3.6,8,8S12.4,16,8,16z M8,1C4.1,1,1,4.1,1,8s3.1,7,7,7s7-3.1,7-7S11.9,1,8,1z"
                  fill="#D8D8D8"
                  fill-rule="evenodd"
                  stroke="#D8D8D8"
                  stroke-width="0.1"
                />
              </svg>
            </div>
            <div
              class="flex w-16 h-16 ml-4 mr-4 rounded-full bg-brand-grey-whisper items-center justify-center shrink-0"
            >
              <svg
                class="undefined"
                fill="inherit"
                height="32"
                viewBox="-1 0 36 26"
                width="32"
              >
                <path
                  clip-rule="evenodd"
                  d="M30.14 20.429h-6.035L33.39.929a.47.47 0 0 0 0-.62C33.236.156 33.08 0 32.925 0H5.533c-.31.155-.464.155-.619.464-.154.155-.154.31 0 .62l1.548 3.095c-.31 0-.62-.155-.929-.155A5.218 5.218 0 0 0 .271 9.286c0 2.94 2.322 5.416 5.262 5.416a5.408 5.408 0 0 0 3.405-1.238c.464-.464.929-.928 1.238-1.547l4.024 8.512H8.164c-2.785 0-4.952 2.166-4.952 4.952 0 .31.31.619.619.619h30.643c.31 0 .619-.31.619-.619 0-2.631-2.167-4.952-4.953-4.952Zm-7.428 0h-.774l6.5-19.036h3.405l-9.131 19.036Zm-2.94 0V1.393h7.273L20.7 20.429h-.928Zm-2.477 0L10.95 1.393h7.583v19.036h-1.238ZM5.533 13.464c-2.166 0-4.023-1.857-4.023-4.024 0-2.166 1.857-4.023 4.023-4.023.62 0 1.084.154 1.703.31l1.083 2.166 1.238 2.63c-.619 1.703-2.321 2.941-4.024 2.941Zm5.107-3.405L9.248 7.274 6.462 1.393h3.095l6.5 19.036h-.464l-4.953-10.37ZM4.45 24.762c.31-1.703 1.857-3.095 3.714-3.095h21.822c1.857 0 3.405 1.392 3.714 3.095H4.45Z"
                  fill="currentColor"
                  fill-rule="evenodd"
                  stroke="currentColor"
                  stroke-width="0.25"
                />
              </svg>
            </div>
            <div
              class="flex grow text-left pr-3 text-base leading-6 font-semibold"
            >
              V60/Kalita
            </div>
          </button>
        </div>
        <div
          class="scroll-auto border-b border-brand-grey-whisper md:border-0 scroll-auto"
        >
          <button
            class="flex w-full flex-row pl-6 py-4 items-center cursor-pointer"
            data-testid="icon-checkbox"
          >
            <div>
              <svg
                class="undefined"
                fill="inherit"
                height="24"
                viewBox="0 0 16 16"
                width="24"
              >
                <path
                  clip-rule="evenodd"
                  d="M8,16c-4.4,0-8-3.6-8-8s3.6-8,8-8s8,3.6,8,8S12.4,16,8,16z M8,1C4.1,1,1,4.1,1,8s3.1,7,7,7s7-3.1,7-7S11.9,1,8,1z"
                  fill="#D8D8D8"
                  fill-rule="evenodd"
                  stroke="#D8D8D8"
                  stroke-width="0.1"
                />
              </svg>
            </div>
            <div
              class="flex w-16 h-16 ml-4 mr-4 rounded-full bg-brand-grey-whisper items-center justify-center shrink-0"
            >
              <svg
                class="undefined"
                fill="inherit"
                height="32"
                viewBox="-1 0 28 30"
                width="32"
              >
                <path
                  clip-rule="evenodd"
                  d="M22.4998 15.4999H25.4998C26.6044 15.4999 27.5002 16.3954 27.5002 17.5V25.5001C27.4981 26.2829 27.04 26.9924 26.3271 27.3161C26.4391 27.5268 26.4986 27.7615 26.5 28.0001V29.5C26.5 29.7762 26.2762 30 26.0003 30H0.499981C0.223828 30 1.39033e-05 29.7762 1.39033e-05 29.5V27C0.000222935 26.9093 0.0249267 26.8203 0.0716154 26.7424L2.977 21.9L0.00858405 3.58019C0.00580268 3.57143 0.00671631 3.56322 0.00764338 3.55489C0.008112 3.55068 0.00858405 3.54644 0.00858405 3.54208C0.00502461 3.52826 0.0020937 3.51424 0 3.5C0.00230471 1.56795 1.56795 0.00230305 3.50021 0H21.5C23.4321 0.00230471 24.9977 1.56795 25 3.5C24.9973 3.52177 24.9931 3.54355 24.987 3.56448C24.9881 3.58123 24.9881 3.59777 24.987 3.61452L23.2591 10.9585C23.0485 11.8632 22.241 12.5028 21.312 12.4999H20.4999V13.5H22C22.276 13.5 22.4998 13.7238 22.4998 14V15.4999ZM5.00031 19.9998H3.68277L3.92569 21.5001H12.0002V4.00033H1.08768L1.49322 6.50019H5.00014V7.50032H1.65654L1.90024 9.00021H3.50003V10.0001H2.06066L2.30416 11.5H6.00011V12.5002H2.46618L2.70968 14H4.50017V15H2.8717L3.11478 16.4998H6.50024V17.5H3.27724L3.52031 18.9999H5.00031V19.9998ZM13.4977 13.9972C13.4991 13.7211 13.7242 13.4983 14.0004 13.5L16.5004 13.4999V12.4998H15.6883C14.7593 12.5027 13.9518 11.8633 13.7411 10.9588L13.0004 7.80873V19.723C13.3781 18.4473 13.8607 17.2049 14.443 16.0086L13.5504 14.2235C13.5155 14.1534 13.4973 14.0759 13.4977 13.9972ZM23.0633 20.0761L13.9384 20.077C13.3273 22.1638 13.0113 24.3256 13.0002 26.4998H24.0002C23.9893 24.3254 23.674 22.1631 23.0633 20.0761ZM14.2469 19.1177L22.7552 19.1181C22.4537 18.2243 22.0977 17.3502 21.689 16.4999H15.312C14.9035 17.35 14.5478 18.2241 14.2469 19.1177ZM15.3093 15.5H21.5004L21.5005 14.4999H14.8094L15.3093 15.5ZM17.5003 13.4999H19.5004V12.4998H17.5003V13.4999ZM21.3123 11.4999C21.7768 11.5013 22.1807 11.1814 22.2858 10.7288L23.8684 4.00007H13.1317L14.7147 10.7288C14.8198 11.1814 15.2236 11.5013 15.6882 11.4999H21.3123ZM23.9503 2.99972C23.7112 1.83649 22.688 1.00113 21.5003 0.99966H15.5001C14.3126 1.00111 13.2892 1.83649 13.0501 2.99972H23.9503ZM13.0559 0.99966H3.50048C2.31275 1.00111 1.28945 1.83649 1.05057 2.99972H12.0403C12.1496 2.23954 12.5065 1.53628 13.0559 0.99966ZM3.78353 22.4998L1.0004 27.1383L1.00019 28.9996H12.0001V22.4998H3.78353ZM13.001 29H25.5006L25.501 27.9998C25.501 27.7237 25.2772 27.4999 25.001 27.4999H13.001V29ZM25.5006 26.4999C26.0529 26.4999 26.5005 26.0521 26.5005 25.4998L26.5005 17.5003C26.5005 16.948 26.0529 16.5001 25.5006 16.5001H22.7861C24.2259 19.6383 24.9809 23.047 25.0006 26.4999H25.5006ZM5.00215 26.0018C5.00215 25.1736 5.67379 24.502 6.50204 24.502C7.33029 24.502 8.00192 25.1736 8.00192 26.0018C8.00192 26.8301 7.33029 27.5017 6.50204 27.5017C5.67379 27.5017 5.00215 26.8301 5.00215 26.0018ZM6.00207 26.002C6.00207 26.2782 6.22589 26.502 6.50204 26.502C6.77819 26.502 7.00201 26.2782 7.00201 26.002C7.00201 25.7259 6.77819 25.5021 6.50204 25.5021C6.22589 25.5021 6.00207 25.7259 6.00207 26.002Z"
                  fill="black"
                  fill-rule="evenodd"
                  stroke="none"
                  stroke-width="0.25"
                />
              </svg>
            </div>
            <div
              class="flex grow text-left pr-3 text-base leading-6 font-semibold"
            >
              Filterkaffee Maschine
            </div>
          </button>
        </div>
        <div
          class="scroll-auto border-b border-brand-grey-whisper"
        >
          <button
            class="flex w-full flex-row pl-6 py-4 items-center cursor-pointer"
            data-testid="icon-checkbox"
          >
            <div>
              <svg
                class="undefined"
                fill="inherit"
                height="24"
                viewBox="0 0 16 16"
                width="24"
              >
                <path
                  clip-rule="evenodd"
                  d="M8,16c-4.4,0-8-3.6-8-8s3.6-8,8-8s8,3.6,8,8S12.4,16,8,16z M8,1C4.1,1,1,4.1,1,8s3.1,7,7,7s7-3.1,7-7S11.9,1,8,1z"
                  fill="#D8D8D8"
                  fill-rule="evenodd"
                  stroke="#D8D8D8"
                  stroke-width="0.1"
                />
              </svg>
            </div>
            <div
              class="flex w-16 h-16 ml-4 mr-4 rounded-full bg-brand-grey-whisper items-center justify-center shrink-0"
            >
              <svg
                class="undefined"
                fill="inherit"
                height="32"
                viewBox="-1 0 27 32"
                width="32"
              >
                <path
                  clip-rule="evenodd"
                  d="M9.362 0a.572.572 0 0 0-.485.752l.99 2.973-5.734 3.13H.845a.57.57 0 0 0-.49.869l5.143 8.572.055-.033.439 2.083v2.16l-2.274 9.651a.563.563 0 0 0-.013.131c0 .94.772 1.712 1.712 1.712h12.57c.94 0 1.718-.772 1.718-1.712a.564.564 0 0 0-.018-.13l-2.27-9.652v-2.16l1.698-8.062h1.573c.313 0 .49.1.683.32.192.22.36.578.481.984 0 .002.005.002.005.004l1.324 6.737a1.726 1.726 0 0 0 2.11 1.249 1.727 1.727 0 0 0 1.214-2.102l-1.252-6.723a.59.59 0 0 0-.014-.05c-.271-.965-.675-1.914-1.315-2.65-.64-.735-1.567-1.239-2.688-1.194l.026-.004h-1.99L13.54 3.727l.993-2.975A.572.572 0 0 0 13.989 0H9.417a.487.487 0 0 0-.055 0Zm.852 1.143h2.982l-.761 2.287h-1.46l-.761-2.287Zm.489 3.43h2l4.182 2.281H6.522l4.18-2.281Zm-8.85 3.425h1.96l1.058 5.027-3.018-5.027Zm3.124 0h3.354l1.024 9.715H7.027l-2.05-9.715Zm4.506 0h4.446l-1.024 9.715h-2.4L9.484 7.998Zm5.592 0h3.355l-2.045 9.715h-2.333l1.023-9.715Zm4.522 0h1.686c.777-.03 1.31.266 1.78.807.468.537.825 1.335 1.067 2.193l1.262 6.732a.598.598 0 0 0 .009.042.559.559 0 0 1-.405.7.559.559 0 0 1-.7-.405l-1.33-6.749a.507.507 0 0 0-.012-.054c-.15-.502-.363-1-.722-1.409a2.064 2.064 0 0 0-1.544-.713h-1.332l.241-1.144ZM7.131 18.856h9.145v1.143H7.13v-1.143Zm-.116 2.287h2.34L8.33 30.857H5.418c-.32 0-.546-.241-.557-.557l2.154-9.157Zm3.491 0h2.398l1.023 9.714H9.484l1.022-9.714Zm3.546 0h2.343L18.55 30.3a.555.555 0 0 1-.562.557h-2.914l-1.022-9.714Z"
                  fill="currentColor"
                  fill-rule="evenodd"
                  stroke="currentColor"
                  stroke-width="0.25"
                />
              </svg>
            </div>
            <div
              class="flex grow text-left pr-3 text-base leading-6 font-semibold"
            >
              Moka Pot
            </div>
          </button>
        </div>
        <div
          class="scroll-auto border-b border-brand-grey-whisper"
        >
          <button
            class="flex w-full flex-row pl-6 py-4 items-center cursor-pointer"
            data-testid="icon-checkbox"
          >
            <div>
              <svg
                class="undefined"
                fill="inherit"
                height="24"
                viewBox="0 0 16 16"
                width="24"
              >
                <path
                  clip-rule="evenodd"
                  d="M8,16c-4.4,0-8-3.6-8-8s3.6-8,8-8s8,3.6,8,8S12.4,16,8,16z M8,1C4.1,1,1,4.1,1,8s3.1,7,7,7s7-3.1,7-7S11.9,1,8,1z"
                  fill="#D8D8D8"
                  fill-rule="evenodd"
                  stroke="#D8D8D8"
                  stroke-width="0.1"
                />
              </svg>
            </div>
            <div
              class="flex w-16 h-16 ml-4 mr-4 rounded-full bg-brand-grey-whisper items-center justify-center shrink-0"
            >
              <svg
                class="undefined"
                fill="inherit"
                height="32"
                viewBox="-1 0 22 33"
                width="32"
              >
                <path
                  clip-rule="evenodd"
                  d="M16.327 8.468a.32.32 0 0 1-.293-.452l2.976-6.65c.036-.086.026-.12.026-.12-.026-.048-.23-.11-.412-.103H4.404l-1.97.793 4.595 6.016a.322.322 0 0 1-.51.39L1.666 1.991a.322.322 0 0 1 .135-.494l2.42-.973A.32.32 0 0 1 4.341.5h14.275c.108-.005.693.002.951.383.097.143.181.387.03.74L16.621 8.28a.321.321 0 0 1-.294.19ZM18.747 32.5H4.392c-1.279 0-2.178-.412-2.673-1.225-1.304-2.14.807-6.284.898-6.46l3.661-7.614.58.279-3.666 7.623c-.024.048-2.04 4.007-.924 5.838.37.608 1.085.916 2.123.916h14.355c1.039 0 1.753-.308 2.124-.916 1.117-1.834-.9-5.79-.92-5.83l-3.67-7.631.58-.28 3.666 7.623c.086.168 2.197 4.313.894 6.452-.496.813-1.396 1.225-2.673 1.225Z M16.369 17.66H6.733c-.708 0-1.162-.2-1.346-.595-.32-.688.372-1.593.55-1.808 1.433-2.244.798-3.778-.043-5.28-.346-.617-.408-1.124-.185-1.505.31-.528 1.022-.555 1.161-.555h9.357c.146 0 .857.028 1.167.555.223.381.16.887-.186 1.506-.84 1.501-1.475 3.034-.042 5.28.178.215.87 1.12.55 1.807-.186.395-.638.595-1.347.595Zm-9.493-9.1c-.136 0-.499.043-.612.238-.097.164-.029.472.192.866.864 1.544 1.65 3.406.011 5.957a.361.361 0 0 1-.024.033c-.26.31-.59.888-.472 1.14.067.142.345.223.762.223h9.636c.419 0 .697-.082.764-.225.117-.25-.213-.827-.473-1.138a.31.31 0 0 1-.024-.033c-1.639-2.552-.853-4.413.012-5.957.22-.394.288-.702.192-.867-.115-.194-.477-.237-.607-.237H6.876ZM6.273 6.2a.321.321 0 0 1-.3-.207L4.493 2.12a.322.322 0 1 1 .6-.23l1.48 3.873a.321.321 0 0 1-.3.437Z M16.477 13.111H6.723a.321.321 0 1 1 0-.643h9.754a.322.322 0 1 1 0 .643Z M5.204 14.53a1.578 1.578 0 0 1-1.576-1.575c0-.869.707-1.576 1.576-1.576.868 0 1.575.707 1.575 1.575 0 .87-.706 1.576-1.575 1.576Zm0-2.508a.933.933 0 1 0 .001 1.867.933.933 0 0 0-.001-1.867Z M1.916 23.63a.32.32 0 0 1-.223-.553c.702-.678 1.539-4.548 2.066-7.716a27.7 27.7 0 0 0-2.132 4.891.322.322 0 0 1-.61-.2c1.317-4.012 2.975-6.301 3.045-6.397a.322.322 0 0 1 .578.237c-.125.86-1.255 8.447-2.5 9.648a.32.32 0 0 1-.224.09Z"
                  fill="currentColor"
                  fill-rule="evenodd"
                  stroke="currentColor"
                  stroke-width="0.25"
                />
              </svg>
            </div>
            <div
              class="flex grow text-left pr-3 text-base leading-6 font-semibold"
            >
              Chemex
            </div>
          </button>
        </div>
        <div
          class="scroll-auto border-b border-brand-grey-whisper"
        >
          <button
            class="flex w-full flex-row pl-6 py-4 items-center cursor-pointer"
            data-testid="icon-checkbox"
          >
            <div>
              <svg
                class="undefined"
                fill="inherit"
                height="24"
                viewBox="0 0 16 16"
                width="24"
              >
                <path
                  clip-rule="evenodd"
                  d="M8,16c-4.4,0-8-3.6-8-8s3.6-8,8-8s8,3.6,8,8S12.4,16,8,16z M8,1C4.1,1,1,4.1,1,8s3.1,7,7,7s7-3.1,7-7S11.9,1,8,1z"
                  fill="#D8D8D8"
                  fill-rule="evenodd"
                  stroke="#D8D8D8"
                  stroke-width="0.1"
                />
              </svg>
            </div>
            <div
              class="flex w-16 h-16 ml-4 mr-4 rounded-full bg-brand-grey-whisper items-center justify-center shrink-0"
            >
              <svg
                class="undefined"
                fill="inherit"
                height="32"
                viewBox="0 0 30 32"
                width="32"
              >
                <path
                  clip-rule="evenodd"
                  d="M27.31 0H11.42a2.494 2.494 0 0 0-2.482 2.5v6c0 1.379 1.114 2.5 2.483 2.5h.496v.5H9.842a1.499 1.499 0 0 0-1.19-.985C8.504 10.494 5.024 10 1.985 10A1.995 1.995 0 0 0 0 12c0 1.103.89 2 1.986 2 3.039 0 6.519-.494 6.666-.515a1.5 1.5 0 0 0 1.19-.985h2.075v.5c0 .276.223.5.497.5h.727l.846 1.277c.092.14.247.223.413.223h.496v.5c0 .276.223.5.497.5a.499.499 0 0 0 .497-.5V15h.496c.166 0 .321-.084.413-.223l.846-1.277h.727a.499.499 0 0 0 .497-.5v-2h2.483a.5.5 0 0 1 .496.5v12a.5.5 0 0 1-.496.5h-2.495c.314-.419.509-.935.509-1.5V18c0-.276-.223-.5-.497-.5h-6.952a.499.499 0 0 0-.496.5v.092a1.464 1.464 0 0 0-.497-.092h-.993c-.821 0-1.49.673-1.49 1.5v2c0 .827.669 1.5 1.49 1.5h.993c.19 0 .37-.04.536-.104.066.41.23.785.47 1.104h-1.502a2.494 2.494 0 0 0-2.483 2.5v3c0 1.379 1.113 2.5 2.482 2.5H27.31a2.494 2.494 0 0 0 2.483-2.5v-27c0-1.379-1.114-2.5-2.483-2.5ZM8.513 12.495c-.144.02-3.557.505-6.526.505a.998.998 0 0 1-.993-1c0-.552.445-1 .993-1 2.97 0 6.382.484 6.526.505a.501.501 0 0 1 0 .99ZM11.42 1h15.89c.82 0 1.49.673 1.49 1.5H9.93c0-.827.668-1.5 1.49-1.5Zm4.7 13h-1.455l-.332-.5h2.117l-.33.5Zm1.755-1.5H12.91V11h4.966v1.5ZM10.924 22h-.993a.5.5 0 0 1-.497-.5v-2a.5.5 0 0 1 .497-.5h.993a.5.5 0 0 1 .497.5v2a.5.5 0 0 1-.497.5Zm1.49.5v-4h5.958v4c0 .827-.668 1.5-1.49 1.5h-2.979c-.82 0-1.49-.673-1.49-1.5ZM10.428 25h10.924c.821 0 1.49-.673 1.49-1.5v-12c0-.827-.669-1.5-1.49-1.5H11.42c-.822 0-1.49-.673-1.49-1.5v-5h18.87v25H8.937v-2c0-.827.668-1.5 1.49-1.5Zm16.882 6H10.428c-.822 0-1.49-.673-1.49-1.5H28.8c0 .827-.668 1.5-1.49 1.5Z"
                  fill="currentColor"
                  fill-rule="evenodd"
                  stroke="currentColor"
                  stroke-width="0.25"
                />
              </svg>
            </div>
            <div
              class="flex grow text-left pr-3 text-base leading-6 font-semibold"
            >
              Espresso Maschine
            </div>
          </button>
        </div>
        <div
          class="scroll-auto"
        >
          <button
            class="flex w-full flex-row pl-6 py-4 items-center cursor-pointer"
            data-testid="icon-checkbox"
          >
            <div>
              <svg
                class="undefined"
                fill="inherit"
                height="24"
                viewBox="0 0 16 16"
                width="24"
              >
                <path
                  clip-rule="evenodd"
                  d="M8,16c-4.4,0-8-3.6-8-8s3.6-8,8-8s8,3.6,8,8S12.4,16,8,16z M8,1C4.1,1,1,4.1,1,8s3.1,7,7,7s7-3.1,7-7S11.9,1,8,1z"
                  fill="#D8D8D8"
                  fill-rule="evenodd"
                  stroke="#D8D8D8"
                  stroke-width="0.1"
                />
              </svg>
            </div>
            <div
              class="flex w-16 h-16 ml-4 mr-4 rounded-full bg-brand-grey-whisper items-center justify-center shrink-0"
            >
              <svg
                class="undefined"
                fill="inherit"
                height="32"
                viewBox="-1 0 36 37"
                width="32"
              >
                <path
                  clip-rule="evenodd"
                  d="M5.3 4.1c0-.4.3-.6.6-.6h9.4c.4 0 .6.3.6.6 0 .4-.3.6-.6.6H5.9c-.3.1-.6-.2-.6-.6zm-.7 27.5h2.7c.4 0 .6-.3.6-.6h-.2.2c0-.4-.3-.6-.6-.6H4.6c-.4 0-.6.3-.6.6-.1.3.2.6.6.6zm31-1.6v5.4c0 .8-.7 1.5-1.5 1.5H2.3c-.8 0-1.5-.7-1.5-1.5V2.7C.8 1.6 1.7.8 2.7.8h26.1c1.1 0 1.9.9 1.9 1.9v5.9c0 .4-.3.6-.6.6H29v3.4c0 .4-.3.6-.6.6h-2v2.4c0 .4-.2.7-.5.9l-.1-.2.1.2c-.2.1-.4.2-.6.2-.2 0-.3 0-.5-.1l.1-.2-.1.2-1.8-.8.1-.2-.1.2c-.4-.2-.6-.6-.6-1v-1.6h-2c-.4 0-.6-.3-.6-.6V9.2h-5.4v18.5c0 .7.6 1.3 1.3 1.3h5c-.4-.5-.6-1.2-.6-1.9V25.2c0-.2.1-.3.2-.4.2-.7.6-1.2 1.2-1.6.5-.3.7-.9.5-1.5l-.7-2.1.2-.1-.2.1c-.1-.2 0-.4.1-.6.1-.2.3-.3.5-.3h6.2c.7 0 1.3.6 1.3 1.3v1.4h.5c.7 0 1.3.6 1.3 1.3H31h.2v2.9c0 .4-.3.6-.6.6-.4 0-.6-.3-.6-.6v-2.9h-.5v5c0 .5-.1.9-.3 1.3h5.7c.2-.1.7.4.7 1zM24.9 15.4v-2.1h-1.4v1.5l1.4.6zm.2-2.3zM20.9 12h6.7V9.2h-6.7V12zm.9 12 .1.2c-.1.1-.3.2-.4.3h6.3V20h-5.3l.4 1.2c.3 1.1-.1 2.3-1 2.9l-.1-.1zM2.1 35.4c0 .1.1.2.2.2H34c.1 0 .2-.1.2-.2v-5.2H15.5c-1.4 0-2.5-1.1-2.5-2.5V8.6c0-.4.3-.6.6-.6h15.9V2.7c0-.3-.3-.6-.6-.6H2.7c-.3 0-.6.3-.6.6v32.7zm19-8.3c0 1 .8 1.9 1.9 1.9h3.6c.7 0 1.3-.6 1.3-1.3v-1.9h-6.7v1.3zm5.5 2.9zm-5.7-4.4zm-.8-.8zm1.2-5.7zM3.9 27.8v-4.5c0-.4.3-.6.6-.6h2.7c.4 0 .6.3.6.6v4.5h-.1.2c0 .4-.3.6-.6.6H4.6c-.4.1-.7-.2-.7-.6zM6.6 24H5.2v3.2h1.4V24z"
                  fill="currentColor"
                  fill-rule="evenodd"
                  stroke="none"
                  stroke-width="0.25"
                />
              </svg>
            </div>
            <div
              class="flex grow text-left pr-3 text-base leading-6 font-semibold"
            >
              Vollautomat Maschine
            </div>
          </button>
        </div>
      </div>
    </div>
  </div>
</div>
`;
