// Jest Snapshot v1, https://goo.gl/fbAQLP

exports[`Sweetness partial view Renders correctly 1`] = `
<div>
  <div
    class="flex-grow flex items-center justify-center"
  >
    <div
      class="flex flex-col items-center justify-center -mt-20"
    >
      <div
        class="h-72"
      >
        <svg
          height="675"
          preserveAspectRatio="xMidYMid meet"
          style="width: 100%; height: 100%; transform: translate3d(0,0,0);"
          viewBox="0 0 200 675"
          width="200"
          xmlns="http://www.w3.org/2000/svg"
        >
          <defs>
            <clippath
              id="__lottie_element_2"
            >
              <rect
                height="675"
                width="200"
                x="0"
                y="0"
              />
            </clippath>
            <image
              href="data:image/png;base64,iVBORw0KGgoAAAANSUhEUgAAAMgAAAKkCAYAAABF8XCWAAAACXBIWXMAAAABAAAAAQBPJcTWAAAAJHpUWHRDcmVhdG9yAAAImXNMyU9KVXBMK0ktUnBNS0tNLikGAEF6Bs5qehXFAAAInElEQVR4nO3dwVUc2QGF4avRLLwDRyAykDIwE4HJYPDOO8sRCGUwGQxazVaOwCgCowiMdl62IpAXD2Z65sCFbmiqoL7vnDroSF3dD+hf9bq6uioBAAAAAAAAAAAAAAAAAAAAAAAAAAAAAAAAAAAAAAAAAAAAAAAAAAAAAAAAAAAAAAAAAAAAAAAAAAAAAAAAAAAAAAAAAAAAAAAAAAAAAAAAAAAAAAAAAAAAAAAAAAAAAAAAAAAAAAAAAAAAAAAAAAAAAAAAAAAAAAAAAAAAAAAAAAAAAAAAAAAAAAAAAAAAAAAAAAAAAAAAAAAAAAAAAAAAAAAAAAAAAAAAAAAAAAAAAAAAAAAAAAAAAAAAAAAAAAAAAAAAAAAAAAAAAAAAAAAAAAAAAAAAAAAAAAAAAAAAAAAAAAAAAAAAAAAAAAAAAAAAAAAAAAAAno7DJB+TrJJ8s1g2WD5mPH+ereNM/0O2PP3lNBN5ucP7Pkryyw7vn+V4k+RFkrPHfuAXO7zvVZK9Hd4/y/I1yUHG8+rRfLej+z2MOHhYexmzkke1y0DgoR089gPuKhB4FgQChUCgEAgUAoFCIFDMJZD3GW9aWpa1vM/MzSUQmCWBQCEQKAQChUCgEAgUAoFCIFAIBAqBQCEQKAQChUCgEAgUAoFCIFAIBAqBQCEQKAQChUCgEAgUAoFCIFAIBAqBQCEQKAQChUCgEAgUAoFCIFAIBAqBQCEQKAQChUCgEAgUAoFCIFAIBAqBQCEQKAQChUCgEAgUAoFCIFAIBAqBQCEQKAQChUCgEAgUAoFCIFAIBAqBQCEQKAQChUCgEAgUAoFCIFAIBAqBQCEQKAQChUCgEAgUAoFCIFAIBAqBQCEQKAQChUCgEAgUAoFCIFAIBAqBQCEQKAQChUCgEAgUAoFCIFAIBAqBQCEQKAQChUCgEAgUAoFCIFAIBAqBQCEQKAQChUCgEAgUAoFCIFAIBAqBQCEQKAQChUCgEAgUAoFCIFAIBAqBQCEQKAQChUCgEAgUAoFCIFAIBAqBQCEQKAQChUCgEAgUAoFCIFAIBAqBQCEQKAQChUCgEAgUAoFCIFAIBAqBQCEQKAQChUCgEAgUAoFCIFAIBAqBQCEQKAQChUCgEAgUAoFCIFB8f83f7Sc5SnJwj/s9vMe6cJPDJCf3WP8iydnl162cJFkl+fbIy8m2A+ZJO8njP9e+JfnprgNcn2KdJnmXZG/jbxOeln9kbEludRXIcZIfdzQYmKO/5A4zl6tA3u50KDBPx7fd4CqQ17sdB8zSqyRv2g2+y/32VsFTt9/+8bvcY5cX3NNq6gHcZi5vFJ5PPQAmcTb1AO5qin3RV8vF7r89Zuws0z7/Dtvgpt6CfM14157lOs54HszSlIF8zqjX9GrZLjKeB5+mHcb1rjsW6y7e3/Nxz/KE5p/s3HlGJG9y/xnFccbu2we16bwN5uosz+g1CMyaQKAQCBQCgUIgUAgECoFAIRAoBAKFQKAQCBQCgUIgUAgEim0/D+KQdxbBFgQKgUAhECgEAoVAoBAIFC8uv9pty1L9OeUcwVdbkA+PMxaYlU+55QTaV1uQg4yTd7n8GkvyQ245geHLy6+rJP+7XOFPux0TzMLfknzcdKWDjIt5Tnm2bYtll8vH3HJVqXUvyr8dZDdXnzrOZhcM/ZARLU/TcTb7fX/Obq6ZeZEtLrXRDlbc6g7v4HDD21/Eia6fssMNb7/KjH7f3geBQiBQCAQKgUAhECgEAoVAoBAIFAKBQiBQCAQKgUAhECi2PfUo7Mp+Nj8C+DrnueXjtHchEObmdZJ/P9B9fck4dP4s44NSGwdjisVz9irjw1o/Z3yu6DQbfghQICzFXkYs/01ykjGVu5VAWKJ3Ga9Rbv1sukBYqldJ/pPxmfkbCYSl+zklEoFAiUQgMPyUa16TCASGvVxz/jWBwG9eZ+wC/pVA4PfeZu09EoeaMDdfM96j2NZ+xpZgW3sZkZwkAmF+znP/gxX3M57kb7PdJT2OcxmIKRbP0SrjCX6QcTLsTb3K5R4tgfCcrTK2RttEcpQIhOdvlfFk/7rheoeJQFiGi2x+jRlTLBbldMPb7yUCYTm22nUsELjZG4HAzfYFAoVAoBAIFAKBQiBQCAQKgUAhECgEAoVAoBAIFAKBQiBQCAQKgUAhECgEAoVAoBAIFAKBQiBQCAQKgUAhECgEAoVAoBAIFAKBQiBQCAQKgUAhECgEAoVAoBAIFAKBQiBQCAQKgUAhECgEAoVAoBAIFAKBQiBQCAQKgUAhECgEAoVAoBAIFAKBQiBQCARuthII3OxcICzFm21WEghLcbTNSgJhCfaTvN1wnU+JQFiG0yR7G65zngiE5+80yV+3WO8sEQjP11GSiyQ/brHu1yQfk+T7BxwQPISDJCf3WP8wY4/VplOqdT9d/UEgzM2rJO8mHsPp1R9MseD33mdMzZIIBNZ9ydr0KhEIrDtOslr/C4HA8M9c7tpdJxBIPuQPU6srAmHp3mdMra5lNy9L9TUjjI/tRrYgLNG/Mt5MrHEkAmFZPiX5Ib8dhnIrUyyeu88ZW4rT3DGKdQJhbr5k7VCPLV1cLmf3vB+BMDsXud/Big/KaxAoBAKFQKAQCBQCgUIgUAgECoFAIRAoBAKFQKAQCBQCgUIgUAgECoFAIRAoBAKFQKAQCBQCgeIpnNXkXaa/4hCP52zqAaybYgtyPsFj8nSsbr/J45kikLMJHpOn42zqAaybIpBVxukg4Y++ZGYzjKlepF97sRIW73TqAfzRiwkf+yLjkr+QjOt1HMRrkF8dT/jYzM9xZhbHHBwn+WZZ/DLbKffLiR//PGOadzjxOJjOhyR/n3oQc3eUsXmd+n8yy+MtqyRvw53tZ+zFmPoXZ9n9cprxgnz2ptyLdZP9jC3KUcYP8fWko+EhfM5vV3w6jRfjAAAAAAAAk/s/DZ52siIQMUIAAAAASUVORK5CYII="
            />
            <image
              href="data:image/png;base64,iVBORw0KGgoAAAANSUhEUgAAAMgAAAKkCAYAAABF8XCWAAAACXBIWXMAAAABAAAAAQBPJcTWAAAAJHpUWHRDcmVhdG9yAAAImXNMyU9KVXBMK0ktUnBNS0tNLikGAEF6Bs5qehXFAAAEaklEQVR4nO3awU1bQRRA0UdEAXQQOggdhHSSElICpaSEdBDSASW4BKiALJxldIUl/MfY50izsz1Pnn+lWfwZAAAAAAAAAAAAAAAAAAAAAAAAAAAAAAAAAAAAAAAAAAAAAAAAAAAAAAAAAAAAAAAAAAAAAAAAAAAAAAAAAAAAAAAAAAAAAAAAAAAAAAAAAAAAAAAAAAAAAAAAAAAAAAAAAAAAAAAAAAAAAAAAAAAAAAAAAAA+nquN9rmbmZuN9uJyPM3M8zE32CqQx5n5utFeXI5vs3+2jubTMX8cPjqBQBAIBIFAEAgEgUAQCASBQBAIBIFAuN5on6eN9pnZv/P15cDv/DnGIGfgdmY+H/D5l9n2rI/6Hta5up+Z1wMX//cwh/2PjyuGPCZXLAgCgSAQCAKBIBAIAoEgEAgCgSAQCAKBIBAIAoEgEAgCgSAQCAKBIBAIAoEgEAgCgSAQCAKBIBAIAoEgEAgCgSAQCAKBIBAIAoEgEAgCgSAQCAKBIBAIAoEgEAgCgSAQCAKBIBAIAoEgEAgCgSAQCAKBIBAIAoEgEAgCgSAQCAKBIBAIAoEgEAgCgSAQCAKBIBAIAoEgEAgCgSAQCAKBIBAIAoEgEAgCgSAQCAKBIBAIAoEgEAgCgSAQCAKBIBAIAoEgEAgCgSAQCAKBIBAIAoEgEAgCgSAQCAKBIBAIAoEgEAgCgSAQCAKBIBAIAoEgEAgCgSAQCAKBIBAIAoEgEAgCgSAQCAKBIBAIAoEgEAgCgSAQCAKBIBAIAoEgEAgCgSAQCAKBIBAIAoEgEAgCgSAQCAKBIBAIAoEgEAgCgSAQCAKBIBAIAoEgEAgCgSAQCAKBIBAIAoEgEAgCgSAQCAKBIBAIAoEgEAgCgSAQCAKBIBAIAoEgEAgCgSAQCAKBIBAIAoEgEAgCgSAQCAKBIBAIAoEgEAgCgSAQCAKBIBAIAoEgEAgCgSAQCAKBIBAIAoEgEAgCgSAQCAKBIBAIAoEgEAgCgSAQCAKBIBAIAoFwvXqAE3G/eoATdbt6gNUEsvd79QCcJlcsCAKBIBAIAoEgEAjnGMhu9QAXbLd6gPd2roG8rB7iQj2tHuC9nWMgMzO/Vg9wgV5m5ufqIXibm5l5nplXa7P1400nw8m4m/11a/WDcwnr4U0n8gFdrR5gA9//Ld7fbvZx7JZOAQAAAAAAAAAAAAAAAAAAAAAAAAAAAAAAAAAAAAAAAAAAAAAAAAAAAAAAAAAAAAAAAAAAAAAAAAAAAAAAAAAAAAAAAAAAAAAAAAAAAAAAAAAAAAAAAAAAAAAAAAAAAAAAAAAAAAAAAAAAAAAAAAAAAAAAAAAAAAAAAAAAAAAAAAAAAAAAAAAAAAAAAAAAAAAAAAAAAAAAAAAAAAAAAAAAAAAAAAAAAAAAAAAAAAAAAAAAAAAAAAAAAAAAAAAAAAAAAAAAAAAAAAAAAAAAAAAAAAAAAAAAAAAAAAAAAAAAAAAAAAAAAAAAAAAAAAAAAAAAAAAAUP4CFrzj3h3iOzEAAAAASUVORK5CYII="
            />
            <image
              href="data:image/png;base64,iVBORw0KGgoAAAANSUhEUgAAAMgAAAKkCAYAAABF8XCWAAAACXBIWXMAAAABAAAAAQBPJcTWAAAAJHpUWHRDcmVhdG9yAAAImXNMyU9KVXBMK0ktUnBNS0tNLikGAEF6Bs5qehXFAAACW0lEQVR4nO3TsQ2AQBADwROiMEqnBEqhg6cCHBBwL/2M5NzJVgEAAAAAAAAAAAAAAAAAAAAAAAAAAAAAAAAAAAAAAAAAAAAAAAAAAAAAAAAAAAAAAAAAAAAAAAAAAAAAAAAAAAAAAAAAAAAAAAAAAAAAAAAAAAAAAAAAAAAAAAAAAAAAAAAAAAAAAAAAAAAAAAAAAAAAAAAAAAAAAAAAAAAAAAAAAAAAAAAAAAAAAAAAAAAAAAAAAAAAAAAAAAAAAAAAAAAAAAAAAAAAAAAAAAAAAAAAAAAAAAAAAAAAAAAAAAAAAAAAAAAAAAAAAAAAAAAAAAAAAAAAAAAAAAAAAAAAAAAAAAAAAAAAAAAAAAAAAAAAAAAAAAAAAAAAAAAAAAAAAAAAAAAAAAAAAAAAAAAAAAAAAAAAAAAAAAAAAAAAAAAAAAAAAAAAAAAAAAAAAAAAAAAAAAAAAAAAAAAAAAAAAAAAAAAAAAAAAAAAAAAAAAAAAAAAAAAAAAAAAAAAAAAAAAAAAAAAAAAAAAAAAAAAAAAAAAAAAAAAAAAAAAAAAAAAAAAAAAAAAAAAAAAAAAAAAAAAAAAAAAAAAAAAAAAAAAAAAAAAAAAAAAAAAAAAAAAAAAAAAAAAAAAAAAAAAAAAAADLOqtq2BI7amJb9wGYmUAgEAgEAoFAIBAIBAKBQCAQCAQCgUAg2LsPvLi6D/Cbu/sAAAAAAAAAAAAAAAAAAAAAAAAAAAAAAAAAAAAAAAAAAAAAAAAAAAAAAAAAAAAAAAAAAAAAAAAAAAAAAAAAAAAAAAAAAHz0AEJifF+9w68IAAAAAElFTkSuQmCC"
            />
          </defs>
          <g
            clip-path="url(#__lottie_element_2)"
          >
            <g
              class="ai"
              opacity="1"
              style="display: block;"
              transform="matrix(1,0,0,1,0,75.5)"
            >
              <image
                height="676px"
                href="data:image/png;base64,iVBORw0KGgoAAAANSUhEUgAAAMgAAAKkCAYAAABF8XCWAAAACXBIWXMAAAABAAAAAQBPJcTWAAAAJHpUWHRDcmVhdG9yAAAImXNMyU9KVXBMK0ktUnBNS0tNLikGAEF6Bs5qehXFAAACW0lEQVR4nO3TsQ2AQBADwROiMEqnBEqhg6cCHBBwL/2M5NzJVgEAAAAAAAAAAAAAAAAAAAAAAAAAAAAAAAAAAAAAAAAAAAAAAAAAAAAAAAAAAAAAAAAAAAAAAAAAAAAAAAAAAAAAAAAAAAAAAAAAAAAAAAAAAAAAAAAAAAAAAAAAAAAAAAAAAAAAAAAAAAAAAAAAAAAAAAAAAAAAAAAAAAAAAAAAAAAAAAAAAAAAAAAAAAAAAAAAAAAAAAAAAAAAAAAAAAAAAAAAAAAAAAAAAAAAAAAAAAAAAAAAAAAAAAAAAAAAAAAAAAAAAAAAAAAAAAAAAAAAAAAAAAAAAAAAAAAAAAAAAAAAAAAAAAAAAAAAAAAAAAAAAAAAAAAAAAAAAAAAAAAAAAAAAAAAAAAAAAAAAAAAAAAAAAAAAAAAAAAAAAAAAAAAAAAAAAAAAAAAAAAAAAAAAAAAAAAAAAAAAAAAAAAAAAAAAAAAAAAAAAAAAAAAAAAAAAAAAAAAAAAAAAAAAAAAAAAAAAAAAAAAAAAAAAAAAAAAAAAAAAAAAAAAAAAAAAAAAAAAAAAAAAAAAAAAAAAAAAAAAAAAAAAAAAAAAAAAAAAAAAAAAAAAAAAAAAAAAAAAAAAAAAAAAAAAAAAAAADLOqtq2BI7amJb9wGYmUAgEAgEAoFAIBAIBAKBQCAQCAQCgUAg2LsPvLi6D/Cbu/sAAAAAAAAAAAAAAAAAAAAAAAAAAAAAAAAAAAAAAAAAAAAAAAAAAAAAAAAAAAAAAAAAAAAAAAAAAAAAAAAAAAAAAAAAAHz0AEJifF+9w68IAAAAAElFTkSuQmCC"
                preserveAspectRatio="xMidYMid slice"
                width="200px"
              />
            </g>
            <g
              class="ai"
              opacity="1"
              style="display: block;"
              transform="matrix(1,0,0,1,0,-0.5)"
            >
              <image
                height="676px"
                href="data:image/png;base64,iVBORw0KGgoAAAANSUhEUgAAAMgAAAKkCAYAAABF8XCWAAAACXBIWXMAAAABAAAAAQBPJcTWAAAAJHpUWHRDcmVhdG9yAAAImXNMyU9KVXBMK0ktUnBNS0tNLikGAEF6Bs5qehXFAAAEaklEQVR4nO3awU1bQRRA0UdEAXQQOggdhHSSElICpaSEdBDSASW4BKiALJxldIUl/MfY50izsz1Pnn+lWfwZAAAAAAAAAAAAAAAAAAAAAAAAAAAAAAAAAAAAAAAAAAAAAAAAAAAAAAAAAAAAAAAAAAAAAAAAAAAAAAAAAAAAAAAAAAAAAAAAAAAAAAAAAAAAAAAAAAAAAAAAAAAAAAAAAAAAAAAAAAAAAAAAAAAAAAAAAAA+nquN9rmbmZuN9uJyPM3M8zE32CqQx5n5utFeXI5vs3+2jubTMX8cPjqBQBAIBIFAEAgEgUAQCASBQBAIBIFAuN5on6eN9pnZv/P15cDv/DnGIGfgdmY+H/D5l9n2rI/6Hta5up+Z1wMX//cwh/2PjyuGPCZXLAgCgSAQCAKBIBAIAoEgEAgCgSAQCAKBIBAIAoEgEAgCgSAQCAKBIBAIAoEgEAgCgSAQCAKBIBAIAoEgEAgCgSAQCAKBIBAIAoEgEAgCgSAQCAKBIBAIAoEgEAgCgSAQCAKBIBAIAoEgEAgCgSAQCAKBIBAIAoEgEAgCgSAQCAKBIBAIAoEgEAgCgSAQCAKBIBAIAoEgEAgCgSAQCAKBIBAIAoEgEAgCgSAQCAKBIBAIAoEgEAgCgSAQCAKBIBAIAoEgEAgCgSAQCAKBIBAIAoEgEAgCgSAQCAKBIBAIAoEgEAgCgSAQCAKBIBAIAoEgEAgCgSAQCAKBIBAIAoEgEAgCgSAQCAKBIBAIAoEgEAgCgSAQCAKBIBAIAoEgEAgCgSAQCAKBIBAIAoEgEAgCgSAQCAKBIBAIAoEgEAgCgSAQCAKBIBAIAoEgEAgCgSAQCAKBIBAIAoEgEAgCgSAQCAKBIBAIAoEgEAgCgSAQCAKBIBAIAoEgEAgCgSAQCAKBIBAIAoEgEAgCgSAQCAKBIBAIAoEgEAgCgSAQCAKBIBAIAoEgEAgCgSAQCAKBIBAIAoEgEAgCgSAQCAKBIBAIAoEgEAgCgSAQCAKBIBAIAoFwvXqAE3G/eoATdbt6gNUEsvd79QCcJlcsCAKBIBAIAoEgEAjnGMhu9QAXbLd6gPd2roG8rB7iQj2tHuC9nWMgMzO/Vg9wgV5m5ufqIXibm5l5nplXa7P1400nw8m4m/11a/WDcwnr4U0n8gFdrR5gA9//Ld7fbvZx7JZOAQAAAAAAAAAAAAAAAAAAAAAAAAAAAAAAAAAAAAAAAAAAAAAAAAAAAAAAAAAAAAAAAAAAAAAAAAAAAAAAAAAAAAAAAAAAAAAAAAAAAAAAAAAAAAAAAAAAAAAAAAAAAAAAAAAAAAAAAAAAAAAAAAAAAAAAAAAAAAAAAAAAAAAAAAAAAAAAAAAAAAAAAAAAAAAAAAAAAAAAAAAAAAAAAAAAAAAAAAAAAAAAAAAAAAAAAAAAAAAAAAAAAAAAAAAAAAAAAAAAAAAAAAAAAAAAAAAAAAAAAAAAAAAAAAAAAAAAAAAAAAAAAAAAAAAAAAAAAAAAAAAAUP4CFrzj3h3iOzEAAAAASUVORK5CYII="
                preserveAspectRatio="xMidYMid slice"
                width="200px"
              />
            </g>
            <g
              class="ai"
              opacity="1"
              style="display: block;"
              transform="matrix(1,0,0,1,0,-0.5)"
            >
              <image
                height="676px"
                href="data:image/png;base64,iVBORw0KGgoAAAANSUhEUgAAAMgAAAKkCAYAAABF8XCWAAAACXBIWXMAAAABAAAAAQBPJcTWAAAAJHpUWHRDcmVhdG9yAAAImXNMyU9KVXBMK0ktUnBNS0tNLikGAEF6Bs5qehXFAAAInElEQVR4nO3dwVUc2QGF4avRLLwDRyAykDIwE4HJYPDOO8sRCGUwGQxazVaOwCgCowiMdl62IpAXD2Z65sCFbmiqoL7vnDroSF3dD+hf9bq6uioBAAAAAAAAAAAAAAAAAAAAAAAAAAAAAAAAAAAAAAAAAAAAAAAAAAAAAAAAAAAAAAAAAAAAAAAAAAAAAAAAAAAAAAAAAAAAAAAAAAAAAAAAAAAAAAAAAAAAAAAAAAAAAAAAAAAAAAAAAAAAAAAAAAAAAAAAAAAAAAAAAAAAAAAAAAAAAAAAAAAAAAAAAAAAAAAAAAAAAAAAAAAAAAAAAAAAAAAAAAAAAAAAAAAAAAAAAAAAAAAAAAAAAAAAAAAAAAAAAAAAAAAAAAAAAAAAAAAAAAAAAAAAAAAAAAAAAAAAAAAAAAAAAAAAAAAAAAAAAAAAAAAAAAAAno7DJB+TrJJ8s1g2WD5mPH+ereNM/0O2PP3lNBN5ucP7Pkryyw7vn+V4k+RFkrPHfuAXO7zvVZK9Hd4/y/I1yUHG8+rRfLej+z2MOHhYexmzkke1y0DgoR089gPuKhB4FgQChUCgEAgUAoFCIFDMJZD3GW9aWpa1vM/MzSUQmCWBQCEQKAQChUCgEAgUAoFCIFAIBAqBQCEQKAQChUCgEAgUAoFCIFAIBAqBQCEQKAQChUCgEAgUAoFCIFAIBAqBQCEQKAQChUCgEAgUAoFCIFAIBAqBQCEQKAQChUCgEAgUAoFCIFAIBAqBQCEQKAQChUCgEAgUAoFCIFAIBAqBQCEQKAQChUCgEAgUAoFCIFAIBAqBQCEQKAQChUCgEAgUAoFCIFAIBAqBQCEQKAQChUCgEAgUAoFCIFAIBAqBQCEQKAQChUCgEAgUAoFCIFAIBAqBQCEQKAQChUCgEAgUAoFCIFAIBAqBQCEQKAQChUCgEAgUAoFCIFAIBAqBQCEQKAQChUCgEAgUAoFCIFAIBAqBQCEQKAQChUCgEAgUAoFCIFAIBAqBQCEQKAQChUCgEAgUAoFCIFAIBAqBQCEQKAQChUCgEAgUAoFCIFAIBAqBQCEQKAQChUCgEAgUAoFCIFAIBAqBQCEQKAQChUCgEAgUAoFCIFAIBAqBQCEQKAQChUCgEAgUAoFCIFB8f83f7Sc5SnJwj/s9vMe6cJPDJCf3WP8iydnl162cJFkl+fbIy8m2A+ZJO8njP9e+JfnprgNcn2KdJnmXZG/jbxOeln9kbEludRXIcZIfdzQYmKO/5A4zl6tA3u50KDBPx7fd4CqQ17sdB8zSqyRv2g2+y/32VsFTt9/+8bvcY5cX3NNq6gHcZi5vFJ5PPQAmcTb1AO5qin3RV8vF7r89Zuws0z7/Dtvgpt6CfM14157lOs54HszSlIF8zqjX9GrZLjKeB5+mHcb1rjsW6y7e3/Nxz/KE5p/s3HlGJG9y/xnFccbu2we16bwN5uosz+g1CMyaQKAQCBQCgUIgUAgECoFAIRAoBAKFQKAQCBQCgUIgUAgEim0/D+KQdxbBFgQKgUAhECgEAoVAoBAIFC8uv9pty1L9OeUcwVdbkA+PMxaYlU+55QTaV1uQg4yTd7n8GkvyQ245geHLy6+rJP+7XOFPux0TzMLfknzcdKWDjIt5Tnm2bYtll8vH3HJVqXUvyr8dZDdXnzrOZhcM/ZARLU/TcTb7fX/Obq6ZeZEtLrXRDlbc6g7v4HDD21/Eia6fssMNb7/KjH7f3geBQiBQCAQKgUAhECgEAoVAoBAIFAKBQiBQCAQKgUAhECi2PfUo7Mp+Nj8C+DrnueXjtHchEObmdZJ/P9B9fck4dP4s44NSGwdjisVz9irjw1o/Z3yu6DQbfghQICzFXkYs/01ykjGVu5VAWKJ3Ga9Rbv1sukBYqldJ/pPxmfkbCYSl+zklEoFAiUQgMPyUa16TCASGvVxz/jWBwG9eZ+wC/pVA4PfeZu09EoeaMDdfM96j2NZ+xpZgW3sZkZwkAmF+znP/gxX3M57kb7PdJT2OcxmIKRbP0SrjCX6QcTLsTb3K5R4tgfCcrTK2RttEcpQIhOdvlfFk/7rheoeJQFiGi2x+jRlTLBbldMPb7yUCYTm22nUsELjZG4HAzfYFAoVAoBAIFAKBQiBQCAQKgUAhECgEAoVAoBAIFAKBQiBQCAQKgUAhECgEAoVAoBAIFAKBQiBQCAQKgUAhECgEAoVAoBAIFAKBQiBQCAQKgUAhECgEAoVAoBAIFAKBQiBQCAQKgUAhECgEAoVAoBAIFAKBQiBQCAQKgUAhECgEAoVAoBAIFAKBQiBQCARuthII3OxcICzFm21WEghLcbTNSgJhCfaTvN1wnU+JQFiG0yR7G65zngiE5+80yV+3WO8sEQjP11GSiyQ/brHu1yQfk+T7BxwQPISDJCf3WP8wY4/VplOqdT9d/UEgzM2rJO8mHsPp1R9MseD33mdMzZIIBNZ9ydr0KhEIrDtOslr/C4HA8M9c7tpdJxBIPuQPU6srAmHp3mdMra5lNy9L9TUjjI/tRrYgLNG/Mt5MrHEkAmFZPiX5Ib8dhnIrUyyeu88ZW4rT3DGKdQJhbr5k7VCPLV1cLmf3vB+BMDsXud/Big/KaxAoBAKFQKAQCBQCgUIgUAgECoFAIRAoBAKFQKAQCBQCgUIgUAgECoFAIRAoBAKFQKAQCBQCgeIpnNXkXaa/4hCP52zqAaybYgtyPsFj8nSsbr/J45kikLMJHpOn42zqAaybIpBVxukg4Y++ZGYzjKlepF97sRIW73TqAfzRiwkf+yLjkr+QjOt1HMRrkF8dT/jYzM9xZhbHHBwn+WZZ/DLbKffLiR//PGOadzjxOJjOhyR/n3oQc3eUsXmd+n8yy+MtqyRvw53tZ+zFmPoXZ9n9cprxgnz2ptyLdZP9jC3KUcYP8fWko+EhfM5vV3w6jRfjAAAAAAAAk/s/DZ52siIQMUIAAAAASUVORK5CYII="
                preserveAspectRatio="xMidYMid slice"
                width="200px"
              />
            </g>
            <g
              opacity="1"
              style="display: block;"
              transform="matrix(1,0,0,1,100,337.5)"
            >
              <g
                opacity="1"
                transform="matrix(1,0,0,1,0,-114)"
              >
                <g
                  opacity="1"
                  transform="matrix(1,0,0,1,-13.241000175476074,-13.741000175476074)"
                >
                  <path
                    d=" M6.258999824523926,-6.258999824523926 C6.258999824523926,-6.258999824523926 6.258999824523926,6.258999824523926 6.258999824523926,6.258999824523926 C6.258999824523926,6.258999824523926 -6.258999824523926,6.258999824523926 -6.258999824523926,6.258999824523926 C-6.258999824523926,6.258999824523926 -6.258999824523926,-6.258999824523926 -6.258999824523926,-6.258999824523926 C-6.258999824523926,-6.258999824523926 6.258999824523926,-6.258999824523926 6.258999824523926,-6.258999824523926z"
                    fill="rgb(0,0,0)"
                    fill-opacity="1"
                  />
                  <path
                    d=" M6.258999824523926,-6.258999824523926 C6.258999824523926,-6.258999824523926 6.258999824523926,6.258999824523926 6.258999824523926,6.258999824523926 C6.258999824523926,6.258999824523926 -6.258999824523926,6.258999824523926 -6.258999824523926,6.258999824523926 C-6.258999824523926,6.258999824523926 -6.258999824523926,-6.258999824523926 -6.258999824523926,-6.258999824523926 C-6.258999824523926,-6.258999824523926 6.258999824523926,-6.258999824523926 6.258999824523926,-6.258999824523926z"
                    fill-opacity="0"
                    stroke="rgb(255,255,255)"
                    stroke-linecap="butt"
                    stroke-linejoin="miter"
                    stroke-miterlimit="4"
                    stroke-opacity="1"
                    stroke-width="0"
                  />
                </g>
                <g
                  opacity="1"
                  transform="matrix(1,0,0,1,-13.241000175476074,20.041000366210938)"
                >
                  <path
                    d=" M6.258999824523926,-6.258999824523926 C6.258999824523926,-6.258999824523926 6.258999824523926,6.258999824523926 6.258999824523926,6.258999824523926 C6.258999824523926,6.258999824523926 -6.258999824523926,6.258999824523926 -6.258999824523926,6.258999824523926 C-6.258999824523926,6.258999824523926 -6.258999824523926,-6.258999824523926 -6.258999824523926,-6.258999824523926 C-6.258999824523926,-6.258999824523926 6.258999824523926,-6.258999824523926 6.258999824523926,-6.258999824523926z"
                    fill="rgb(0,0,0)"
                    fill-opacity="1"
                  />
                  <path
                    d=" M6.258999824523926,-6.258999824523926 C6.258999824523926,-6.258999824523926 6.258999824523926,6.258999824523926 6.258999824523926,6.258999824523926 C6.258999824523926,6.258999824523926 -6.258999824523926,6.258999824523926 -6.258999824523926,6.258999824523926 C-6.258999824523926,6.258999824523926 -6.258999824523926,-6.258999824523926 -6.258999824523926,-6.258999824523926 C-6.258999824523926,-6.258999824523926 6.258999824523926,-6.258999824523926 6.258999824523926,-6.258999824523926z"
                    fill-opacity="0"
                    stroke="rgb(255,255,255)"
                    stroke-linecap="butt"
                    stroke-linejoin="miter"
                    stroke-miterlimit="4"
                    stroke-opacity="1"
                    stroke-width="0"
                  />
                </g>
                <g
                  opacity="1"
                  transform="matrix(1,0,0,1,-13.241000175476074,52.20399856567383)"
                >
                  <path
                    d=" M6.258999824523926,-6.258999824523926 C6.258999824523926,-6.258999824523926 6.258999824523926,6.258999824523926 6.258999824523926,6.258999824523926 C6.258999824523926,6.258999824523926 -6.258999824523926,6.258999824523926 -6.258999824523926,6.258999824523926 C-6.258999824523926,6.258999824523926 -6.258999824523926,-6.258999824523926 -6.258999824523926,-6.258999824523926 C-6.258999824523926,-6.258999824523926 6.258999824523926,-6.258999824523926 6.258999824523926,-6.258999824523926z"
                    fill="rgb(0,0,0)"
                    fill-opacity="1"
                  />
                  <path
                    d=" M6.258999824523926,-6.258999824523926 C6.258999824523926,-6.258999824523926 6.258999824523926,6.258999824523926 6.258999824523926,6.258999824523926 C6.258999824523926,6.258999824523926 -6.258999824523926,6.258999824523926 -6.258999824523926,6.258999824523926 C-6.258999824523926,6.258999824523926 -6.258999824523926,-6.258999824523926 -6.258999824523926,-6.258999824523926 C-6.258999824523926,-6.258999824523926 6.258999824523926,-6.258999824523926 6.258999824523926,-6.258999824523926z"
                    fill-opacity="0"
                    stroke="rgb(255,255,255)"
                    stroke-linecap="butt"
                    stroke-linejoin="miter"
                    stroke-miterlimit="4"
                    stroke-opacity="1"
                    stroke-width="0"
                  />
                </g>
              </g>
            </g>
          </g>
        </svg>
      </div>
      <h1
        class="flex text-center w-3/4 md:w-2/3 md:text-2xl md:leading-8 xl:w-1/2 xl:text-3xl xl:leading-10 mt-8 text-xl leading-7 font-semibold"
      >
        Kurze Kaffeepause.
        <br />
        Wir stellen basierend auf deiner Auswahl dein Kaffeeprofil zusammen.
      </h1>
    </div>
  </div>
</div>
`;
