// Jest Snapshot v1, https://goo.gl/fbAQLP

exports[`Welcome step partial view Renders correctly 1`] = `
<div>
  <div
    class="flex flex-col md:grid md:grid-cols-3 md:grid-rows-1"
    style="height: calc(100vh - 66px);"
  >
    <div
      class="flex items-center justify-center py-24 mt-4 relative md:justify-start md:order-2 md:py-8 md:mt-0"
    >
      <img
        alt="Tastefinder"
        class="absolute top-16 max-h-64 md:top-auto md:max-h-96 md:-left-16 xl:max-h-96 xl:-left-32"
        src="welcome.webp"
      />
    </div>
    <div
      class="grid items-center justify-center pt-10 pb-44 bg-brand-black text-white md:order-1 md:py-8 md:grid-cols-10 md:col-span-2 xl:grid-cols-5"
    >
      <div
        class="flex flex-col col-items-center md:col-start-2 md:col-end-7 md:order-1 xl:col-start-2 xl:col-end-4"
      >
        <h1
          class="flex w-80 mt-32 font-syne md:mt-0 text-3xl leading-10 font-semibold tracking-tight"
        >
          Finde jetzt deinen Specialty Coffee mit dem Tastefinder.
        </h1>
        <div
          class="flex w-80 mt-4"
        >
          <svg
            aria-hidden="true"
            class="w-12 h-6 mr-4"
            fill="currentColor"
            viewBox="0 0 20 20"
            xmlns="http://www.w3.org/2000/svg"
          >
            <path
              clip-rule="evenodd"
              d="M12.293 5.293a1 1 0 011.414 0l4 4a1 1 0 010 1.414l-4 4a1 1 0 01-1.414-1.414L14.586 11H3a1 1 0 110-2h11.586l-2.293-2.293a1 1 0 010-1.414z"
              fill-rule="evenodd"
            />
          </svg>
          <p
            class="text-base leading-6"
          >
            Finde deinen pers√∂nlichen Kaffeetyp und erhalte Empfehlungen, die zu deinem Geschmack passen.
          </p>
        </div>
        <div
          class="flex w-80 mt-8 xl:mt-24"
        >
          <button
            class="flex w-full justify-center inline-flex items-center rounded-full border-2 px-4 py-2 text-base font-bold disabled:bg-brand-grey-whisper disabled:text-coreUI-text-secondary disabled:cursor-not-allowed text-brand-black bg-primary border-transparent hover:bg-brand-green-starship active:bg-primary"
            data-testid="button-start"
            role="button"
            type="button"
          >
            Tastefinder starten
          </button>
        </div>
      </div>
    </div>
  </div>
</div>
`;
